// Jest Snapshot v1, https://goo.gl/fbAQLP

exports[`Resume component matches snapshot 1`] = `
<DocumentFragment>
  <section>
    <h1
      id="resume"
    >
      Resume
    </h1>
    <a
      href="https://drive.google.com/file/d/111ou3cnN_gI37WTGRt6mHbKfyMoHSBm6/view"
      rel="noreferrer"
      target="_blank"
    >
      Download my resume.
    </a>
    <h2>
      Skills
    </h2>
    <ul>
      <li>
        HTML5
      </li>
      <li>
        CSS3
      </li>
      <li>
        JavaScript
      </li>
      <li>
        APIs
      </li>
      <li>
        Node.js
      </li>
      <li>
        Express.js
      </li>
      <li>
        SQL
      </li>
      <li>
        MySQL
      </li>
      <li>
        Bootstrap
      </li>
      <li>
        Wordpress
      </li>
      <li>
        BLOX CMS
      </li>
      <li>
        GitHub
      </li>
      <li>
        Git
      </li>
      <li>
        Heroku
      </li>
      <li>
        VS Code
      </li>
      <li>
        Insomnia
      </li>
    </ul>
  </section>
</DocumentFragment>
`;
